Coverage.py, version 7.16.1 with C extension
Name                                         Stmts   Miss  Cover
----------------------------------------------------------------
src/az1_api/dependencies.py                    210     56    73%
src/az1_api/main.py                             92      2    98%
src/database/conexao.py                         12      1    92%
src/mensageria/config.py                        27     11    59%
src/mensageria/consumidor.py                   101     62    39%
src/mensageria/envelope.py                      21      1    95%
src/mensageria/processador_publicador.py        15      8    47%
src/mensageria/publicador.py                    56     38    32%
src/mensageria/varredura.py                     14      6    57%
src/mensageria/varredura_indexacao.py          117      5    96%
src/pln/ajuste_fino.py                         180     96    47%
src/pln/bancada.py                             122     56    54%
src/pln/caminhos.py                             24      1    96%
src/pln/classificador.py                       118     46    61%
src/pln/comparativo_modelos.py                 319    125    61%
src/pln/entidades.py                            10      0   100%
src/pln/experimento.py                         320    239    25%
src/pln/intencao.py                             29      0   100%
src/pln/metricas.py                            193     92    52%
src/pln/particao.py                             93     49    47%
src/pln/preprocessamento.py                    140     11    92%
src/pln/vetorizacao.py                          26      0   100%
src/rag/chunker.py                              55      8    85%
src/rag/embedder.py                             58      1    98%
src/rag/indexador.py                            53     19    64%
src/rag/parsers.py                              83      1    99%
src/rag/retriever.py                            34      0   100%
src/routes/__init__.py                          13      0   100%
src/routes/alerta.py                            34      0   100%
src/routes/analysis.py                          20      0   100%
src/routes/audio.py                             26      0   100%
src/routes/auditoria.py                         20      0   100%
src/routes/chat.py                             131      8    94%
src/routes/conversas.py                         41      0   100%
src/routes/portfolio.py                        106      3    97%
src/routes/rag.py                               12      0   100%
src/routes/speech.py                            26      0   100%
src/routes/transcription.py                     27      0   100%
src/routes/voice.py                             78     26    67%
src/routes/webhooks.py                          44      0   100%
src/schemas/__init__.py                          2      0   100%
src/schemas/alerta.py                           28      0   100%
src/schemas/analysis.py                         11      0   100%
src/schemas/audio.py                            11      0   100%
src/schemas/auditoria.py                        13      0   100%
src/schemas/chat.py                             18      0   100%
src/schemas/common.py                            4      0   100%
src/schemas/conversa.py                         20      0   100%
src/schemas/portfolio.py                        54      0   100%
src/schemas/rag.py                              18      0   100%
src/schemas/speech.py                            9      0   100%
src/schemas/transcription.py                    10      0   100%
src/schemas/webhook.py                          28      0   100%
src/services/agente_service.py                  59      1    98%
src/services/alerta_service.py                 131     55    58%
src/services/analysis_service.py                27      0   100%
src/services/audio_service.py                  110      6    95%
src/services/auditoria_service.py               28     10    64%
src/services/auth_service.py                   112     13    88%
src/services/chat_service.py                    46      0   100%
src/services/conversa_repository.py            188     21    89%
src/services/database_service.py                43      0   100%
src/services/drive_channel_service.py          158     94    41%
src/services/drive_download_service.py          68     38    44%
src/services/drive_push_service.py              55      5    91%
src/services/evento_local_repository.py         31      0   100%
src/services/foco_da_busca.py                   17      0   100%
src/services/gemini_service.py                 108     11    90%
src/services/gemini_speech_service.py           18      0   100%
src/services/graph_push_service.py              90      1    99%
src/services/graph_subscription_service.py     148     95    36%
src/services/portfolio_repository.py            76      8    89%
src/services/speech_service.py                  50      1    98%
src/services/storage_service.py                 35      1    97%
src/services/transcription_service.py           38      0   100%
src/services/usuario_service.py                 39      0   100%
src/services/webhook_http.py                    42     24    43%
src/services/webhook_registry_service.py        82      1    99%
src/services/webhook_service.py                 87      6    93%
----------------------------------------------------------------
TOTAL                                         5212   1362    74%

6 empty files skipped.
