=============================== Coverage summary ===============================
Statements   : 51.31% ( 545/1062 )
Branches     : 45.52% ( 305/670 )
Functions    : 52.78% ( 161/305 )
Lines        : 52.54% ( 495/942 )
================================================================================
-------------------|---------|----------|---------|---------|-------------------
File               | % Stmts | % Branch | % Funcs | % Lines | Uncovered Line #s 
-------------------|---------|----------|---------|---------|-------------------
All files          |   51.31 |    45.52 |   52.78 |   52.54 |                   
 src               |       0 |        0 |       0 |       0 |                   
  App.jsx          |       0 |        0 |       0 |       0 | 6-20              
  main.jsx         |       0 |      100 |     100 |       0 | 6                 
 ...nents/AgentOrb |     100 |       75 |     100 |     100 |                   
  AgentOrb.jsx     |     100 |       75 |     100 |     100 | 20-38             
 ...s/CalendarView |   87.74 |    76.03 |   81.25 |   89.05 |                   
  ...rGridView.jsx |   88.23 |    76.92 |      75 |   87.87 | 117-121           
  CalendarView.jsx |    87.5 |     74.5 |   83.33 |   88.52 | ...47-151,181-183 
  ...ventModal.jsx |    86.2 |    84.61 |      80 |   88.88 | 38,132-149        
  ...ailsModal.jsx |    87.5 |    72.22 |   83.33 |   91.66 | 24                
 ...ts/ChatMessage |   28.57 |    48.07 |      25 |   28.88 |                   
  ChatMessage.jsx  |   28.57 |    48.07 |      25 |   28.88 | ...,32-71,116-142 
 ...nents/IconRail |   83.33 |      100 |   66.66 |   83.33 |                   
  IconRail.jsx     |   83.33 |      100 |   66.66 |   83.33 | 25                
 ...ts/LoginScreen |       0 |        0 |       0 |       0 |                   
  LoginScreen.jsx  |       0 |        0 |       0 |       0 | 8-62              
 ...ents/PromptBar |      80 |    69.23 |     100 |   78.57 |                   
  PromptBar.jsx    |      80 |    69.23 |     100 |   78.57 | 23,32-33          
 .../SettingsModal |   28.57 |       25 |      25 |   28.57 |                   
  ...ingsModal.jsx |   28.57 |       25 |      25 |   28.57 | 63-101            
 ...onents/Sidebar |   52.94 |       50 |      40 |   53.33 |                   
  Sidebar.jsx      |   52.94 |       50 |      40 |   53.33 | ...6-27,45-81,123 
 ...ponents/Switch |       0 |        0 |       0 |       0 |                   
  Switch.jsx       |       0 |        0 |       0 |       0 | 4-10              
 ...ents/TasksView |   73.83 |    55.68 |      65 |    73.8 |                   
  ...EditModal.jsx |   38.09 |    11.11 |   18.18 |    42.1 | ...5,39-41,94-168 
  TasksView.jsx    |   82.55 |    67.14 |   82.75 |   83.07 | ...13-114,229-254 
 ...ponents/TopBar |   95.65 |    72.72 |     100 |      95 |                   
  TopBar.jsx       |   95.65 |    72.72 |     100 |      95 | 28                
 ...ents/VoiceCall |     0.5 |        0 |       0 |    0.57 |                   
  VoiceCall.jsx    |     0.5 |        0 |       0 |    0.57 | 22-286            
 ...nents/Waveform |    37.5 |        0 |       0 |    37.5 |                   
  Waveform.jsx     |    37.5 |        0 |       0 |    37.5 | 8-19              
 src/contexts      |   53.33 |    27.77 |   71.42 |    62.5 |                   
  AuthContext.jsx  |   53.33 |    27.77 |   71.42 |    62.5 | 30-53,67          
 src/hooks         |   80.46 |    58.82 |   69.23 |   85.21 |                   
  useMicVolume.js  |   78.49 |    56.52 |   69.23 |   83.33 | ...16-118,125-126 
  useSettings.js   |   76.92 |      100 |      60 |   83.33 | 14,26             
  useTheme.js      |    90.9 |    63.63 |      75 |   94.73 | 34                
 src/lib           |    41.3 |    33.89 |   39.13 |   43.18 |                   
  api.js           |    37.2 |    27.45 |   39.13 |   39.02 | ...35-201,208-236 
  supabase.js      |     100 |       75 |     100 |     100 | 5-7               
 src/pages         |    49.5 |    41.48 |    38.8 |   51.66 |                   
  AgentPage.jsx    |    49.5 |    41.48 |    38.8 |   51.66 | ...23,334-396,515 
-------------------|---------|----------|---------|---------|-------------------
